{
  "TODO": "replace with expected result data-set"
}
